******************************************************************************
                  MSP430 Linker PC v4.0.0                      
******************************************************************************
>> Linked Wed Nov 28 05:58:00 2012

OUTPUT FILE NAME:   <Ethel PWM synth.out>
ENTRY POINT SYMBOL: "_c_int00"  address: 0000e4c4


MEMORY CONFIGURATION

         name            origin    length      used     unused   attr    fill
----------------------  --------  ---------  --------  --------  ----  --------
  SFR                   00000000   00000010  00000000  00000010  RWIX
  PERIPHERALS_8BIT      00000010   000000f0  00000000  000000f0  RWIX
  PERIPHERALS_16BIT     00000100   00000100  00000000  00000100  RWIX
  RAM                   00000200   00000100  000000a8  00000058  RWIX
  INFOD                 00001000   00000040  00000000  00000040  RWIX
  INFOC                 00001040   00000040  00000000  00000040  RWIX
  INFOB                 00001080   00000040  00000000  00000040  RWIX
  INFOA                 000010c0   00000040  00000000  00000040  RWIX
  FLASH                 0000e000   00001fe0  000006a4  0000193c  RWIX
  INT00                 0000ffe0   00000002  00000000  00000002  RWIX
  INT01                 0000ffe2   00000002  00000000  00000002  RWIX
  INT02                 0000ffe4   00000002  00000000  00000002  RWIX
  INT03                 0000ffe6   00000002  00000000  00000002  RWIX
  INT04                 0000ffe8   00000002  00000002  00000000  RWIX
  INT05                 0000ffea   00000002  00000000  00000002  RWIX
  INT06                 0000ffec   00000002  00000000  00000002  RWIX
  INT07                 0000ffee   00000002  00000000  00000002  RWIX
  INT08                 0000fff0   00000002  00000000  00000002  RWIX
  INT09                 0000fff2   00000002  00000002  00000000  RWIX
  INT10                 0000fff4   00000002  00000002  00000000  RWIX
  INT11                 0000fff6   00000002  00000000  00000002  RWIX
  INT12                 0000fff8   00000002  00000000  00000002  RWIX
  INT13                 0000fffa   00000002  00000000  00000002  RWIX
  INT14                 0000fffc   00000002  00000000  00000002  RWIX
  RESET                 0000fffe   00000002  00000002  00000000  RWIX


SECTION ALLOCATION MAP

 output                                  attributes/
section   page    origin      length       input sections
--------  ----  ----------  ----------   ----------------
.pinit     0    0000e000    00000000     UNINITIALIZED

.bss       0    00000200    00000058     UNINITIALIZED
                  00000200    00000050     main.obj (.bss)
                  00000250    00000004     rts430.lib : _lock.obj (.bss)
                  00000254    00000004                : boot.obj (.bss)

.stack     0    000002b0    00000050     UNINITIALIZED
                  000002b0    00000002     rts430.lib : boot.obj (.stack)
                  000002b2    0000004e     --HOLE--

.text      0    0000e000    000005fa     
                  0000e000    000000ca     main.obj (.text:updateState)
                  0000e0ca    000000c6     main.obj (.text:USI)
                  0000e190    000000a4     main.obj (.text:main)
                  0000e234    0000005c     main.obj (.text:mixToOutputArray)
                  0000e290    00000058     rts430.lib : div32u.obj (.text)
                  0000e2e8    00000052     main.obj (.text:updateWaveTimes)
                  0000e33a    0000004c     rts430.lib : lsr16.obj (.text)
                  0000e386    00000046                : autoinit.obj (.text:_auto_init)
                  0000e3cc    00000042     main.obj (.text:midiNoteToWdtPeriod)
                  0000e40e    00000032     main.obj (.text:noteOn)
                  0000e440    0000002c     main.obj (.text:controlChange)
                  0000e46c    0000002c     rts430.lib : div16s.obj (.text)
                  0000e498    0000002c     main.obj (.text:shiftLeft)
                  0000e4c4    00000026     rts430.lib : boot.obj (.text:_c_int00_noexit)
                  0000e4ea    00000026                : mult32.obj (.text)
                  0000e510    00000022     main.obj (.text:getNextByte)
                  0000e532    00000020     main.obj (.text:noteOff)
                  0000e552    0000001c     main.obj (.text:getNoteIndex)
                  0000e56e    0000001a     main.obj (.text:updateSynth)
                  0000e588    00000016     rts430.lib : div16u.obj (.text)
                  0000e59e    00000012                : memcpy.obj (.text:memcpy)
                  0000e5b0    00000012     main.obj (.text:square)
                  0000e5c2    00000010     rts430.lib : epilog.obj (.text)
                  0000e5d2    0000000e     main.obj (.text:Timer_A0)
                  0000e5e0    0000000a     main.obj (.text:synthProcess)
                  0000e5ea    00000006     main.obj (.text:watchdog_timer)
                  0000e5f0    00000004     rts430.lib : pre_init.obj (.text:_system_pre_init)
                  0000e5f4    00000004                : exit.obj (.text:abort)
                  0000e5f8    00000002                : _lock.obj (.text:_nop)

.cinit     0    0000e5fa    0000008e     
                  0000e5fa    0000008c     main.obj (.cinit)
                  0000e686    00000002     --HOLE-- [fill = 0]

.const     0    0000e688    0000001c     
                  0000e688    00000018     main.obj (.const:synthNotes)
                  0000e6a0    00000004     main.obj (.const)

.int04     0    0000ffe8    00000002     
                  0000ffe8    00000002     main.obj (.int04)

.int09     0    0000fff2    00000002     
                  0000fff2    00000002     main.obj (.int09)

.int10     0    0000fff4    00000002     
                  0000fff4    00000002     main.obj (.int10)

.reset     0    0000fffe    00000002     
                  0000fffe    00000002     rts430.lib : boot.obj (.reset)


GLOBAL SYMBOLS: SORTED ALPHABETICALLY BY Name 

address    name
--------   ----
00000200   .bss
0000e000   .text
0000004a   ADC10AE0
000001b0   ADC10CTL0
000001b2   ADC10CTL1
00000048   ADC10DTC0
00000049   ADC10DTC1
000001b4   ADC10MEM
000001bc   ADC10SA
00000057   BCSCTL1
00000058   BCSCTL2
00000053   BCSCTL3
0000e5f4   C$$EXIT
00000059   CACTL1
0000005a   CACTL2
000010fb   CALBC1_12MHZ
000010f9   CALBC1_16MHZ
000010ff   CALBC1_1MHZ
000010fd   CALBC1_8MHZ
000010fa   CALDCO_12MHZ
000010f8   CALDCO_16MHZ
000010fe   CALDCO_1MHZ
000010fc   CALDCO_8MHZ
0000005b   CAPD
00000056   DCOCTL
00000128   FCTL1
0000012a   FCTL2
0000012c   FCTL3
00000000   IE1
00000002   IFG1
0000e33a   I_LSR
0000e380   I_LSR_1
0000e35c   I_LSR_10
0000e358   I_LSR_11
0000e354   I_LSR_12
0000e350   I_LSR_13
0000e34c   I_LSR_14
0000e348   I_LSR_15
0000e37c   I_LSR_2
0000e378   I_LSR_3
0000e374   I_LSR_4
0000e370   I_LSR_5
0000e36c   I_LSR_6
0000e368   I_LSR_7
0000e364   I_LSR_8
0000e360   I_LSR_9
00000238   NoteIsOn
00000022   P1DIR
00000025   P1IE
00000024   P1IES
00000023   P1IFG
00000020   P1IN
00000021   P1OUT
00000027   P1REN
00000026   P1SEL
00000041   P1SEL2
0000002a   P2DIR
0000002d   P2IE
0000002c   P2IES
0000002b   P2IFG
00000028   P2IN
00000029   P2OUT
0000002f   P2REN
0000002e   P2SEL
00000042   P2SEL2
00000172   TA0CCR0
00000174   TA0CCR1
00000176   TA0CCR2
00000162   TA0CCTL0
00000164   TA0CCTL1
00000166   TA0CCTL2
00000160   TA0CTL
0000012e   TA0IV
00000170   TA0R
0000e5d2   Timer_A0
0000e0ca   USI
0000007a   USICCTL
0000007a   USICKCTL
0000007b   USICNT
00000078   USICTL
00000078   USICTL0
00000079   USICTL1
0000021a   USIData
0000007c   USISR
0000007d   USISRH
0000007c   USISRL
00000120   WDTCTL
0000e6a0   WDT_FREQUENCY
00000300   __STACK_END
00000050   __STACK_SIZE
00000001   __TI_args_main
00000001   __TI_auto_init
00000001   __TI_exit
ffffffff   __binit__
00000200   __bss__
ffffffff   __c_args__
0000e5fa   __cinit__
0000e46c   __divi
0000e588   __divu
0000e290   __divul
00000258   __end__
0000e5fa   __etext__
0000e4ea   __mpyl
ffffffff   __pinit__
0000e46c   __remi
0000e588   __remu
0000e290   __remul
0000e000   __text__
0000e386   _auto_init
0000e4c4   _c_int00
0000e4c4   _c_int00_noexit
00000254   _cleanup_ptr
00000256   _dtors_ptr
00000250   _lock
0000e5f8   _nop
0000fffe   _reset_vector
000002b0   _stack
0000e5f0   _system_pre_init
00000252   _unlock
0000e5f4   abort
ffffffff   binit
00000205   bitStateCount
0000e5fa   cinit
00000240   clocksPerCycle
00000244   clocksPerIndex
0000e440   controlChange
00000216   controllerNumber
00000217   controllerValue
00000204   currentState
0000023a   dutyCycle
00000258   end
0000e5fa   etext
0000e5ce   func_epilog_1
0000e5cc   func_epilog_2
0000e5ca   func_epilog_3
0000e5c8   func_epilog_4
0000e5c6   func_epilog_5
0000e5c4   func_epilog_6
0000e5c2   func_epilog_7
0000e510   getNextByte
0000e552   getNoteIndex
00000232   haveNewMidiByte
00000236   index
0000024a   j
0000e190   main
0000e59e   memcpy
00000208   midiByte
0000e3cc   midiNoteToWdtPeriod
0000e234   mixToOutputArray
0000020a   newByte
0000020c   newNote
0000020b   newVelocity
00000206   nextBitFinal
0000024c   noteDuration
00000218   noteIndex
0000e532   noteOff
0000e40e   noteOn
0000020e   notes
00000207   opcode
00000234   outVal
00000200   periodSetting
ffffffff   pinit
00000209   rawMidiByte
0000e498   shiftLeft
00000248   speed
0000023e   speedSetting
0000e5b0   square
0000022e   sum
0000e688   synthNotes
0000e5e0   synthProcess
00000226   tNotes
0000e000   updateState
0000e56e   updateSynth
0000e2e8   updateWaveTimes
00000212   velocities
0000023c   volSetting
00000230   wNoteIndex
0000e5ea   watchdog_timer
0000021c   wdtCounter
0000021e   wdtPeriodNotes


GLOBAL SYMBOLS: SORTED BY Symbol Address 

address    name
--------   ----
00000000   IE1
00000001   __TI_args_main
00000001   __TI_auto_init
00000001   __TI_exit
00000002   IFG1
00000020   P1IN
00000021   P1OUT
00000022   P1DIR
00000023   P1IFG
00000024   P1IES
00000025   P1IE
00000026   P1SEL
00000027   P1REN
00000028   P2IN
00000029   P2OUT
0000002a   P2DIR
0000002b   P2IFG
0000002c   P2IES
0000002d   P2IE
0000002e   P2SEL
0000002f   P2REN
00000041   P1SEL2
00000042   P2SEL2
00000048   ADC10DTC0
00000049   ADC10DTC1
0000004a   ADC10AE0
00000050   __STACK_SIZE
00000053   BCSCTL3
00000056   DCOCTL
00000057   BCSCTL1
00000058   BCSCTL2
00000059   CACTL1
0000005a   CACTL2
0000005b   CAPD
00000078   USICTL
00000078   USICTL0
00000079   USICTL1
0000007a   USICCTL
0000007a   USICKCTL
0000007b   USICNT
0000007c   USISR
0000007c   USISRL
0000007d   USISRH
00000120   WDTCTL
00000128   FCTL1
0000012a   FCTL2
0000012c   FCTL3
0000012e   TA0IV
00000160   TA0CTL
00000162   TA0CCTL0
00000164   TA0CCTL1
00000166   TA0CCTL2
00000170   TA0R
00000172   TA0CCR0
00000174   TA0CCR1
00000176   TA0CCR2
000001b0   ADC10CTL0
000001b2   ADC10CTL1
000001b4   ADC10MEM
000001bc   ADC10SA
00000200   .bss
00000200   __bss__
00000200   periodSetting
00000204   currentState
00000205   bitStateCount
00000206   nextBitFinal
00000207   opcode
00000208   midiByte
00000209   rawMidiByte
0000020a   newByte
0000020b   newVelocity
0000020c   newNote
0000020e   notes
00000212   velocities
00000216   controllerNumber
00000217   controllerValue
00000218   noteIndex
0000021a   USIData
0000021c   wdtCounter
0000021e   wdtPeriodNotes
00000226   tNotes
0000022e   sum
00000230   wNoteIndex
00000232   haveNewMidiByte
00000234   outVal
00000236   index
00000238   NoteIsOn
0000023a   dutyCycle
0000023c   volSetting
0000023e   speedSetting
00000240   clocksPerCycle
00000244   clocksPerIndex
00000248   speed
0000024a   j
0000024c   noteDuration
00000250   _lock
00000252   _unlock
00000254   _cleanup_ptr
00000256   _dtors_ptr
00000258   __end__
00000258   end
000002b0   _stack
00000300   __STACK_END
000010f8   CALDCO_16MHZ
000010f9   CALBC1_16MHZ
000010fa   CALDCO_12MHZ
000010fb   CALBC1_12MHZ
000010fc   CALDCO_8MHZ
000010fd   CALBC1_8MHZ
000010fe   CALDCO_1MHZ
000010ff   CALBC1_1MHZ
0000e000   .text
0000e000   __text__
0000e000   updateState
0000e0ca   USI
0000e190   main
0000e234   mixToOutputArray
0000e290   __divul
0000e290   __remul
0000e2e8   updateWaveTimes
0000e33a   I_LSR
0000e348   I_LSR_15
0000e34c   I_LSR_14
0000e350   I_LSR_13
0000e354   I_LSR_12
0000e358   I_LSR_11
0000e35c   I_LSR_10
0000e360   I_LSR_9
0000e364   I_LSR_8
0000e368   I_LSR_7
0000e36c   I_LSR_6
0000e370   I_LSR_5
0000e374   I_LSR_4
0000e378   I_LSR_3
0000e37c   I_LSR_2
0000e380   I_LSR_1
0000e386   _auto_init
0000e3cc   midiNoteToWdtPeriod
0000e40e   noteOn
0000e440   controlChange
0000e46c   __divi
0000e46c   __remi
0000e498   shiftLeft
0000e4c4   _c_int00
0000e4c4   _c_int00_noexit
0000e4ea   __mpyl
0000e510   getNextByte
0000e532   noteOff
0000e552   getNoteIndex
0000e56e   updateSynth
0000e588   __divu
0000e588   __remu
0000e59e   memcpy
0000e5b0   square
0000e5c2   func_epilog_7
0000e5c4   func_epilog_6
0000e5c6   func_epilog_5
0000e5c8   func_epilog_4
0000e5ca   func_epilog_3
0000e5cc   func_epilog_2
0000e5ce   func_epilog_1
0000e5d2   Timer_A0
0000e5e0   synthProcess
0000e5ea   watchdog_timer
0000e5f0   _system_pre_init
0000e5f4   C$$EXIT
0000e5f4   abort
0000e5f8   _nop
0000e5fa   __cinit__
0000e5fa   __etext__
0000e5fa   cinit
0000e5fa   etext
0000e688   synthNotes
0000e6a0   WDT_FREQUENCY
0000fffe   _reset_vector
ffffffff   __binit__
ffffffff   __c_args__
ffffffff   __pinit__
ffffffff   binit
ffffffff   pinit

[180 symbols]
